 
****************************************
Report : area
Design : Inv
Version: R-2020.09-SP2
Date   : Sun May 16 03:06:06 2021
****************************************

Information: Updating design information... (UID-85)
Library(s) Used:

    saed90nm_typ (File: /classes/ece4740/saed-90nm/pkgs/SAED_EDK90nm_01252011/SAED_EDK90nm/Digital_Standard_cell_Library/synopsys/models/saed90nm_typ.db)

Number of ports:                            2
Number of nets:                             2
Number of cells:                            1
Number of combinational cells:              1
Number of sequential cells:                 0
Number of macros/black boxes:               0
Number of buf/inv:                          1
Number of references:                       1

Combinational area:                  5.529600
Buf/Inv area:                        5.529600
Noncombinational area:               0.000000
Macro/Black Box area:                0.000000
Net Interconnect area:               0.165501

Total cell area:                     5.529600
Total area:                          5.695101

Hierarchical area distribution
------------------------------

                                  Global cell area          Local cell area
                                  ------------------  --------------------------- 
Hierarchical cell                 Absolute   Percent  Combi-    Noncombi-  Black-
                                  Total      Total    national  national   boxes   Design
--------------------------------  ---------  -------  --------  ---------  ------  ---------
Inv                                  5.5296    100.0    5.5296     0.0000  0.0000  Inv
--------------------------------  ---------  -------  --------  ---------  ------  ---------
Total                                                   5.5296     0.0000  0.0000

1
