 
****************************************
Report : power
        -hier
        -analysis_effort low
Design : LFSR_DegNine_One
Version: R-2020.09-SP2
Date   : Sun May 16 00:24:45 2021
****************************************


Library(s) Used:

    saed90nm_typ (File: /classes/ece4740/saed-90nm/pkgs/SAED_EDK90nm_01252011/SAED_EDK90nm/Digital_Standard_cell_Library/synopsys/models/saed90nm_typ.db)


Operating Conditions: TYPICAL   Library: saed90nm_typ
Wire Load Model Mode: enclosed

Design        Wire Load Model            Library
------------------------------------------------
LFSR_DegNine_One       8000              saed90nm_typ
Mux2_1_DATA_WIDTH9     ForQA             saed90nm_typ
FF_DATA_WIDTH1_9       ForQA             saed90nm_typ
Xor_DATA_WIDTH1_5      ForQA             saed90nm_typ
FF_DATA_WIDTH1_0       ForQA             saed90nm_typ
FF_DATA_WIDTH1_1       ForQA             saed90nm_typ
FF_DATA_WIDTH1_2       ForQA             saed90nm_typ
FF_DATA_WIDTH1_3       ForQA             saed90nm_typ
FF_DATA_WIDTH1_4       ForQA             saed90nm_typ
FF_DATA_WIDTH1_5       ForQA             saed90nm_typ
FF_DATA_WIDTH1_6       ForQA             saed90nm_typ
FF_DATA_WIDTH1_7       ForQA             saed90nm_typ
FF_DATA_WIDTH1_8       ForQA             saed90nm_typ
Xor_DATA_WIDTH1_0      ForQA             saed90nm_typ
Xor_DATA_WIDTH1_1      ForQA             saed90nm_typ
Xor_DATA_WIDTH1_2      ForQA             saed90nm_typ
Xor_DATA_WIDTH1_3      ForQA             saed90nm_typ
Xor_DATA_WIDTH1_4      ForQA             saed90nm_typ


Global Operating Voltage = 1.2  
Power-specific unit information :
    Voltage Units = 1V
    Capacitance Units = 1.000000ff
    Time Units = 1ns
    Dynamic Power Units = 1uW    (derived from V,C,T units)
    Leakage Power Units = 1pW


--------------------------------------------------------------------------------
                                       Switch   Int      Leak     Total
Hierarchy                              Power    Power    Power    Power    %
--------------------------------------------------------------------------------
LFSR_DegNine_One                          1.463   45.400 3.34e+06   50.206 100.0
  LFSRReg (FF_DATA_WIDTH1_0)              0.136    4.128 2.18e+05    4.482   8.9
  XORF (Xor_DATA_WIDTH1_0)             5.78e-02    0.343 6.63e+04    0.467   0.9
  XORE (Xor_DATA_WIDTH1_1)             4.64e-02    0.330 6.63e+04    0.443   0.9
  XORD (Xor_DATA_WIDTH1_2)             4.36e-02    0.320 6.63e+04    0.430   0.9
  XORC (Xor_DATA_WIDTH1_3)             4.10e-02    0.305 6.63e+04    0.412   0.8
  XORB (Xor_DATA_WIDTH1_4)             3.75e-02    0.299 6.63e+04    0.403   0.8
  XORA (Xor_DATA_WIDTH1_5)             3.52e-02    0.279 6.63e+04    0.380   0.8
  DFFA (FF_DATA_WIDTH1_1)              6.98e-02    4.101 2.20e+05    4.390   8.7
  DFFB (FF_DATA_WIDTH1_2)              8.51e-02    4.113 2.20e+05    4.418   8.8
  DFFC (FF_DATA_WIDTH1_3)              8.63e-02    4.118 2.20e+05    4.424   8.8
  DFFD (FF_DATA_WIDTH1_4)              8.41e-02    4.115 2.20e+05    4.419   8.8
  DFFE (FF_DATA_WIDTH1_5)              8.48e-02    4.118 2.20e+05    4.423   8.8
  DFFF (FF_DATA_WIDTH1_6)              5.80e-02    4.089 2.20e+05    4.367   8.7
  DFFG (FF_DATA_WIDTH1_7)              8.38e-02    4.113 2.20e+05    4.417   8.8
  DFFH (FF_DATA_WIDTH1_8)              8.48e-02    4.118 2.20e+05    4.422   8.8
  DFFI (FF_DATA_WIDTH1_9)              5.86e-02    4.080 2.20e+05    4.358   8.7
  Mux (Mux2_1_DATA_WIDTH9)                0.370    2.431 7.50e+05    3.551   7.1
1
