 
****************************************
Report : power
        -hier
        -analysis_effort low
Design : LFSR_DegSeven_One
Version: R-2020.09-SP2
Date   : Fri May  7 14:43:01 2021
****************************************


Library(s) Used:

    saed90nm_typ (File: /classes/ece4740/saed-90nm/pkgs/SAED_EDK90nm_01252011/SAED_EDK90nm/Digital_Standard_cell_Library/synopsys/models/saed90nm_typ.db)


Operating Conditions: TYPICAL   Library: saed90nm_typ
Wire Load Model Mode: enclosed

Design        Wire Load Model            Library
------------------------------------------------
LFSR_DegSeven_One      8000              saed90nm_typ
Mux2_1_DATA_WIDTH7     ForQA             saed90nm_typ
FF_DATA_WIDTH1_7       ForQA             saed90nm_typ
Xor_DATA_WIDTH1        ForQA             saed90nm_typ
FF_DATA_WIDTH1_0       ForQA             saed90nm_typ
FF_DATA_WIDTH1_1       ForQA             saed90nm_typ
FF_DATA_WIDTH1_2       ForQA             saed90nm_typ
FF_DATA_WIDTH1_3       ForQA             saed90nm_typ
FF_DATA_WIDTH1_4       ForQA             saed90nm_typ
FF_DATA_WIDTH1_5       ForQA             saed90nm_typ
FF_DATA_WIDTH1_6       ForQA             saed90nm_typ


Global Operating Voltage = 1.2  
Power-specific unit information :
    Voltage Units = 1V
    Capacitance Units = 1.000000ff
    Time Units = 1ns
    Dynamic Power Units = 1uW    (derived from V,C,T units)
    Leakage Power Units = 1pW


--------------------------------------------------------------------------------
                                       Switch   Int      Leak     Total
Hierarchy                              Power    Power    Power    Power    %
--------------------------------------------------------------------------------
LFSR_DegSeven_One                         0.917   34.898 2.41e+06   38.227 100.0
  LFSRReg (FF_DATA_WIDTH1_0)              0.106    4.066 2.18e+05    4.390  11.5
  XOR (Xor_DATA_WIDTH1)                4.51e-02    0.295 6.64e+04    0.407   1.1
  DFFA (FF_DATA_WIDTH1_1)              7.46e-02    4.100 2.21e+05    4.395  11.5
  DFFB (FF_DATA_WIDTH1_2)              6.15e-02    4.082 2.21e+05    4.364  11.4
  DFFC (FF_DATA_WIDTH1_3)              5.88e-02    4.070 2.20e+05    4.349  11.4
  DFFD (FF_DATA_WIDTH1_4)              6.13e-02    4.081 2.21e+05    4.363  11.4
  DFFE (FF_DATA_WIDTH1_5)              6.21e-02    4.077 2.21e+05    4.360  11.4
  DFFF (FF_DATA_WIDTH1_6)              6.11e-02    4.078 2.21e+05    4.360  11.4
  DFFG (FF_DATA_WIDTH1_7)              8.82e-02    4.109 2.20e+05    4.418  11.6
  Mux (Mux2_1_DATA_WIDTH7)                0.298    1.939 5.83e+05    2.821   7.4
1
