 
****************************************
Report : area
Design : LFSR_DegSeven_One
Version: R-2020.09-SP2
Date   : Fri May  7 14:42:36 2021
****************************************

Library(s) Used:

    saed90nm_typ (File: /classes/ece4740/saed-90nm/pkgs/SAED_EDK90nm_01252011/SAED_EDK90nm/Digital_Standard_cell_Library/synopsys/models/saed90nm_typ.db)

Number of ports:                           77
Number of nets:                           100
Number of cells:                           34
Number of combinational cells:             16
Number of sequential cells:                 8
Number of macros/black boxes:               0
Number of buf/inv:                          0
Number of references:                      10

Combinational area:                179.712005
Buf/Inv area:                        0.000000
Noncombinational area:             258.048004
Macro/Black Box area:                0.000000
Net Interconnect area:              12.880189

Total cell area:                   437.760009
Total area:                        450.640198

Hierarchical area distribution
------------------------------

                                  Global cell area          Local cell area
                                  ------------------  --------------------------- 
Hierarchical cell                 Absolute   Percent  Combi-    Noncombi-  Black-
                                  Total      Total    national  national   boxes   Design
--------------------------------  ---------  -------  --------  ---------  ------  ------------------
LFSR_DegSeven_One                  437.7600    100.0    0.0000     0.0000  0.0000  LFSR_DegSeven_One
DFFA                                43.3152      9.9   11.0592    32.2560  0.0000  FF_DATA_WIDTH1_1
DFFB                                43.3152      9.9   11.0592    32.2560  0.0000  FF_DATA_WIDTH1_2
DFFC                                43.3152      9.9   11.0592    32.2560  0.0000  FF_DATA_WIDTH1_3
DFFD                                43.3152      9.9   11.0592    32.2560  0.0000  FF_DATA_WIDTH1_4
DFFE                                43.3152      9.9   11.0592    32.2560  0.0000  FF_DATA_WIDTH1_5
DFFF                                43.3152      9.9   11.0592    32.2560  0.0000  FF_DATA_WIDTH1_6
DFFG                                43.3152      9.9   11.0592    32.2560  0.0000  FF_DATA_WIDTH1_7
LFSRReg                             43.3152      9.9   11.0592    32.2560  0.0000  FF_DATA_WIDTH1_0
Mux                                 77.4144     17.7   77.4144     0.0000  0.0000  Mux2_1_DATA_WIDTH7
XOR                                 13.8240      3.2   13.8240     0.0000  0.0000  Xor_DATA_WIDTH1
--------------------------------  ---------  -------  --------  ---------  ------  ------------------
Total                                                 179.7120   258.0480  0.0000

1
