Information: Updating design information... (UID-85)
 
****************************************
Report : timing
        -path full
        -delay max
        -max_paths 5
Design : LFSR_DegSeven_One
Version: R-2020.09-SP2
Date   : Fri May  7 14:39:45 2021
****************************************

Operating Conditions: TYPICAL   Library: saed90nm_typ
Wire Load Model Mode: enclosed

  Startpoint: DFFA/Q_DO_reg[0]
              (rising edge-triggered flip-flop clocked by Clk_CI)
  Endpoint: DFFG/Q_DO_reg[0]
            (rising edge-triggered flip-flop clocked by Clk_CI)
  Path Group: Clk_CI
  Path Type: max

  Des/Clust/Port     Wire Load Model       Library
  ------------------------------------------------
  LFSR_DegSeven_One  8000                  saed90nm_typ
  FF_DATA_WIDTH1_7   ForQA                 saed90nm_typ

  Point                                                   Incr       Path
  --------------------------------------------------------------------------
  clock Clk_CI (rise edge)                                0.00       0.00
  clock network delay (ideal)                             0.00       0.00
  DFFA/Q_DO_reg[0]/CLK (DFFARX1)                          0.00       0.00 r
  DFFA/Q_DO_reg[0]/Q (DFFARX1)                            0.23       0.23 f
  DFFA/Q_DO[0] (FF_DATA_WIDTH1_1)                         0.00       0.23 f
  XOR/B_DI[0] (Xor_DATA_WIDTH1)                           0.00       0.23 f
  XOR/U1/Q (XOR2X1)                                       0.22       0.45 r
  XOR/Xor_DO[0] (Xor_DATA_WIDTH1)                         0.00       0.45 r
  Mux/A_DI[6] (Mux2_1_DATA_WIDTH7)                        0.00       0.45 r
  Mux/U7/Q (MUX21X1)                                      0.14       0.59 r
  Mux/MuxOut_DO[6] (Mux2_1_DATA_WIDTH7)                   0.00       0.59 r
  DFFG/D_DI[0] (FF_DATA_WIDTH1_7)                         0.00       0.59 r
  DFFG/U2/Q (MUX21X1)                                     0.13       0.72 r
  DFFG/Q_DO_reg[0]/D (DFFARX1)                            0.03       0.75 r
  data arrival time                                                  0.75

  clock Clk_CI (rise edge)                                6.00       6.00
  clock network delay (ideal)                             0.00       6.00
  DFFG/Q_DO_reg[0]/CLK (DFFARX1)                          0.00       6.00 r
  library setup time                                     -0.06       5.94
  data required time                                                 5.94
  --------------------------------------------------------------------------
  data required time                                                 5.94
  data arrival time                                                 -0.75
  --------------------------------------------------------------------------
  slack (MET)                                                        5.19


  Startpoint: DFFA/Q_DO_reg[0]
              (rising edge-triggered flip-flop clocked by Clk_CI)
  Endpoint: LFSRReg/Q_DO_reg[0]
            (rising edge-triggered flip-flop clocked by Clk_CI)
  Path Group: Clk_CI
  Path Type: max

  Des/Clust/Port     Wire Load Model       Library
  ------------------------------------------------
  LFSR_DegSeven_One  8000                  saed90nm_typ
  FF_DATA_WIDTH1_0   ForQA                 saed90nm_typ

  Point                                    Incr       Path
  -----------------------------------------------------------
  clock Clk_CI (rise edge)                 0.00       0.00
  clock network delay (ideal)              0.00       0.00
  DFFA/Q_DO_reg[0]/CLK (DFFARX1)           0.00       0.00 r
  DFFA/Q_DO_reg[0]/Q (DFFARX1)             0.23       0.23 f
  DFFA/Q_DO[0] (FF_DATA_WIDTH1_1)          0.00       0.23 f
  XOR/B_DI[0] (Xor_DATA_WIDTH1)            0.00       0.23 f
  XOR/U1/Q (XOR2X1)                        0.22       0.45 r
  XOR/Xor_DO[0] (Xor_DATA_WIDTH1)          0.00       0.45 r
  LFSRReg/D_DI[0] (FF_DATA_WIDTH1_0)       0.00       0.45 r
  LFSRReg/U2/Q (MUX21X1)                   0.14       0.59 r
  LFSRReg/Q_DO_reg[0]/D (DFFARX1)          0.03       0.62 r
  data arrival time                                   0.62

  clock Clk_CI (rise edge)                 6.00       6.00
  clock network delay (ideal)              0.00       6.00
  LFSRReg/Q_DO_reg[0]/CLK (DFFARX1)        0.00       6.00 r
  library setup time                      -0.06       5.94
  data required time                                  5.94
  -----------------------------------------------------------
  data required time                                  5.94
  data arrival time                                  -0.62
  -----------------------------------------------------------
  slack (MET)                                         5.32


  Startpoint: SeedWr_DI (input port clocked by Clk_CI)
  Endpoint: DFFC/Q_DO_reg[0]
            (rising edge-triggered flip-flop clocked by Clk_CI)
  Path Group: Clk_CI
  Path Type: max

  Des/Clust/Port     Wire Load Model       Library
  ------------------------------------------------
  LFSR_DegSeven_One  8000                  saed90nm_typ
  FF_DATA_WIDTH1_3   ForQA                 saed90nm_typ

  Point                                                   Incr       Path
  --------------------------------------------------------------------------
  clock Clk_CI (rise edge)                                0.00       0.00
  clock network delay (ideal)                             0.00       0.00
  input external delay                                    0.20       0.20 r
  SeedWr_DI (in)                                          0.01       0.21 r
  Mux/Sel_DI (Mux2_1_DATA_WIDTH7)                         0.00       0.21 r
  Mux/U3/Q (MUX21X1)                                      0.21       0.42 r
  Mux/MuxOut_DO[2] (Mux2_1_DATA_WIDTH7)                   0.00       0.42 r
  DFFC/D_DI[0] (FF_DATA_WIDTH1_3)                         0.00       0.42 r
  DFFC/U2/Q (MUX21X1)                                     0.13       0.55 r
  DFFC/Q_DO_reg[0]/D (DFFARX1)                            0.03       0.58 r
  data arrival time                                                  0.58

  clock Clk_CI (rise edge)                                6.00       6.00
  clock network delay (ideal)                             0.00       6.00
  DFFC/Q_DO_reg[0]/CLK (DFFARX1)                          0.00       6.00 r
  library setup time                                     -0.06       5.94
  data required time                                                 5.94
  --------------------------------------------------------------------------
  data required time                                                 5.94
  data arrival time                                                 -0.58
  --------------------------------------------------------------------------
  slack (MET)                                                        5.36


  Startpoint: SeedWr_DI (input port clocked by Clk_CI)
  Endpoint: DFFB/Q_DO_reg[0]
            (rising edge-triggered flip-flop clocked by Clk_CI)
  Path Group: Clk_CI
  Path Type: max

  Des/Clust/Port     Wire Load Model       Library
  ------------------------------------------------
  LFSR_DegSeven_One  8000                  saed90nm_typ
  FF_DATA_WIDTH1_2   ForQA                 saed90nm_typ

  Point                                                   Incr       Path
  --------------------------------------------------------------------------
  clock Clk_CI (rise edge)                                0.00       0.00
  clock network delay (ideal)                             0.00       0.00
  input external delay                                    0.20       0.20 r
  SeedWr_DI (in)                                          0.01       0.21 r
  Mux/Sel_DI (Mux2_1_DATA_WIDTH7)                         0.00       0.21 r
  Mux/U2/Q (MUX21X1)                                      0.21       0.42 r
  Mux/MuxOut_DO[1] (Mux2_1_DATA_WIDTH7)                   0.00       0.42 r
  DFFB/D_DI[0] (FF_DATA_WIDTH1_2)                         0.00       0.42 r
  DFFB/U2/Q (MUX21X1)                                     0.13       0.55 r
  DFFB/Q_DO_reg[0]/D (DFFARX1)                            0.03       0.58 r
  data arrival time                                                  0.58

  clock Clk_CI (rise edge)                                6.00       6.00
  clock network delay (ideal)                             0.00       6.00
  DFFB/Q_DO_reg[0]/CLK (DFFARX1)                          0.00       6.00 r
  library setup time                                     -0.06       5.94
  data required time                                                 5.94
  --------------------------------------------------------------------------
  data required time                                                 5.94
  data arrival time                                                 -0.58
  --------------------------------------------------------------------------
  slack (MET)                                                        5.36


  Startpoint: SeedWr_DI (input port clocked by Clk_CI)
  Endpoint: DFFA/Q_DO_reg[0]
            (rising edge-triggered flip-flop clocked by Clk_CI)
  Path Group: Clk_CI
  Path Type: max

  Des/Clust/Port     Wire Load Model       Library
  ------------------------------------------------
  LFSR_DegSeven_One  8000                  saed90nm_typ
  FF_DATA_WIDTH1_1   ForQA                 saed90nm_typ

  Point                                                   Incr       Path
  --------------------------------------------------------------------------
  clock Clk_CI (rise edge)                                0.00       0.00
  clock network delay (ideal)                             0.00       0.00
  input external delay                                    0.20       0.20 r
  SeedWr_DI (in)                                          0.01       0.21 r
  Mux/Sel_DI (Mux2_1_DATA_WIDTH7)                         0.00       0.21 r
  Mux/U1/Q (MUX21X1)                                      0.21       0.42 r
  Mux/MuxOut_DO[0] (Mux2_1_DATA_WIDTH7)                   0.00       0.42 r
  DFFA/D_DI[0] (FF_DATA_WIDTH1_1)                         0.00       0.42 r
  DFFA/U2/Q (MUX21X1)                                     0.13       0.55 r
  DFFA/Q_DO_reg[0]/D (DFFARX1)                            0.03       0.58 r
  data arrival time                                                  0.58

  clock Clk_CI (rise edge)                                6.00       6.00
  clock network delay (ideal)                             0.00       6.00
  DFFA/Q_DO_reg[0]/CLK (DFFARX1)                          0.00       6.00 r
  library setup time                                     -0.06       5.94
  data required time                                                 5.94
  --------------------------------------------------------------------------
  data required time                                                 5.94
  data arrival time                                                 -0.58
  --------------------------------------------------------------------------
  slack (MET)                                                        5.36


1
